// Vitest Snapshot v1, https://vitest.dev/guide/snapshot.html

exports[`integration - simple HTML parser 1`] = `
{
  "children": [
    {
      "children": [
        "aaa",
      ],
      "tag": "h1",
    },
    [
      {
        "children": [
          "bb",
        ],
        "tag": "p",
      },
      [
        {
          "children": [
            {
              "children": [
                "c",
              ],
              "tag": "span",
            },
          ],
          "tag": "div",
        },
      ],
    ],
  ],
  "tag": "div",
}
`;
